// Jest Snapshot v1, https://goo.gl/fbAQLP

exports[`StepGranularity snapshot StepGranularity renders correctly 1`] = `
<Text
  onTextLayout={[Function]}
  style={
    Array [
      undefined,
      Object {
        "fontSize": 14,
      },
    ]
  }
  testID="step-granularity"
>
  Lorem impsum
</Text>
`;
